[INFO]: microarchitecture: tensor([[ 0.,  4.,  1., 22.,  2., 84., 11.,  5.,  9.,  0.]]), metric: tensor([[2.3900, 1.9239, 1.1669]])
[INFO]: microarchitecture: tensor([[  1.,   4.,   5.,  16.,   2., 100.,   2.,   1.,   4.,   2.]]), metric: tensor([[1.8012, 1.3957, 1.0165]])
[INFO]: microarchitecture: tensor([[  0.,   4.,   2.,  16.,   2., 128.,   6.,   3.,   0.,   1.]]), metric: tensor([[2.1457, 1.2619, 1.0251]])
[INFO]: microarchitecture: tensor([[  2.,   4.,   8.,  22.,   2., 120.,   5.,   0.,   4.,   1.]]), metric: tensor([[1.4474, 1.5713, 0.8273]])
[INFO]: microarchitecture: tensor([[  2.,   4.,   8.,  22.,   2., 120.,   4.,   4.,   2.,   3.]]), metric: tensor([[1.4829, 1.4424, 0.9955]])
[INFO]: microarchitecture: tensor([[ 0.,  4.,  1., 16.,  2., 36.,  3., 11.,  5.,  2.]]), metric: tensor([[2.3516, 1.5959, 1.2371]])
[INFO]: microarchitecture: tensor([[ 2.,  4.,  1.,  6.,  2., 52.,  1.,  1.,  3.,  2.]]), metric: tensor([[1.8818, 2.3289, 0.9066]])
[INFO]: microarchitecture: tensor([[ 2.,  4.,  1.,  6.,  2., 80., 10.,  6.,  0.,  2.]]), metric: tensor([[1.6441, 2.6476, 0.8773]])
[INFO]: microarchitecture: tensor([[ 2.,  4., 11., 20.,  2., 30.,  9., 11.,  6.,  3.]]), metric: tensor([[1.5195, 3.1387, 1.1030]])
[INFO]: microarchitecture: tensor([[  2.,   4.,   1.,  22.,   2., 130.,   7.,  11.,   6.,   3.]]), metric: tensor([[1.7782, 1.5219, 1.0949]])
[INFO]: microarchitecture: tensor([[  1.,   4.,   0.,  18.,   2., 110.,   2.,   7.,   6.,   2.]]), metric: tensor([[1.8009, 1.4142, 1.0265]])
[INFO]: microarchitecture: tensor([[ 1.,  4.,  4., 20.,  2., 96.,  0.,  2.,  6.,  2.]]), metric: tensor([[1.8741, 1.2503, 0.9480]])
[INFO]: microarchitecture: tensor([[  0.,   4.,   9.,  10.,   2., 100.,  10.,  10.,   4.,   2.]]), metric: tensor([[2.2696, 1.4442, 1.0642]])
[INFO]: microarchitecture: tensor([[ 0.,  4., 10., 18.,  2., 96.,  2.,  9.,  0.,  2.]]), metric: tensor([[2.1264, 1.7011, 1.1103]])
[INFO]: microarchitecture: tensor([[ 1.,  4.,  4., 20.,  2., 36.,  3.,  5.,  5.,  3.]]), metric: tensor([[1.9593, 2.6909, 1.1215]])
[INFO]: microarchitecture: tensor([[  1.,   4.,   4.,  22.,   2., 134.,   3.,   7.,   4.,   2.]]), metric: tensor([[2.1693, 1.6150, 1.1612]])
[INFO]: microarchitecture: tensor([[  0.,   4.,   4.,  14.,   2., 118.,   5.,   9.,   2.,   0.]]), metric: tensor([[1.6255, 1.3593, 1.0178]])
[INFO]: microarchitecture: tensor([[  1.,   4.,   3.,  22.,   2., 134.,  12.,   4.,   2.,   2.]]), metric: tensor([[1.7776, 1.6304, 0.8768]])
[INFO]: microarchitecture: tensor([[ 1.,  4.,  5., 20.,  2., 36.,  0.,  9.,  0.,  0.]]), metric: tensor([[1.6622, 2.5109, 0.8665]])
[INFO]: microarchitecture: tensor([[ 1.,  4., 10.,  6.,  2., 36., 11.,  3.,  7.,  0.]]), metric: tensor([[1.8997, 4.1714, 0.9378]])
[INFO]: microarchitecture: tensor([[ 0.,  4., 11., 18.,  2., 84.,  8.,  4.,  5.,  2.]]), metric: tensor([[1.8775, 2.0009, 0.9958]])
[INFO]: microarchitecture: tensor([[  0.,   4.,   8.,  22.,   2., 134.,   2.,   4.,   0.,   1.]]), metric: tensor([[1.5786, 1.3954, 0.9501]])
[INFO]: microarchitecture: tensor([[  1.,   4.,   8.,  12.,   2., 120.,  12.,   5.,   5.,   1.]]), metric: tensor([[1.4742, 2.4528, 0.7243]])
[INFO]: microarchitecture: tensor([[  1.,   4.,  11.,  14.,   2., 130.,   3.,  11.,   7.,   2.]]), metric: tensor([[2.1424, 1.2723, 1.0705]])
[INFO]: microarchitecture: tensor([[  1.,   4.,  10.,   6.,   2., 118.,   8.,   9.,   9.,   0.]]), metric: tensor([[1.8572, 1.1660, 0.8890]])
[INFO]: microarchitecture: tensor([[  2.,   4.,  11.,   8.,   2., 128.,   2.,   9.,   4.,   3.]]), metric: tensor([[1.8169, 1.3285, 1.0138]])
[INFO]: microarchitecture: tensor([[  2.,   4.,   3.,  20.,   2., 130.,   8.,  11.,   1.,   1.]]), metric: tensor([[1.6574, 1.5501, 1.0193]])
[INFO]: microarchitecture: tensor([[ 1.,  4.,  0., 14.,  2., 92.,  4.,  1.,  8.,  4.]]), metric: tensor([[1.8912, 2.2764, 0.8447]])
[INFO]: microarchitecture: tensor([[  1.,   4.,   1.,  14.,   2., 130.,   6.,   4.,   3.,   3.]]), metric: tensor([[2.0578, 1.1760, 0.9493]])
[INFO]: microarchitecture: tensor([[ 1.,  4.,  3.,  8.,  2., 52., 11., 11.,  2.,  4.]]), metric: tensor([[1.9995, 3.7742, 0.9697]])
