[INFO]: microarchitecture: tensor([[ 0.,  4.,  1., 22.,  2., 84., 11.,  5.,  9.,  0.]]), metric: tensor([[2.4739, 1.9239, 1.1669]])
[INFO]: microarchitecture: tensor([[ 0.,  4.,  2., 22.,  2., 64.,  1.,  0.,  2.,  1.]]), metric: tensor([[2.3753, 1.4800, 0.9703]])
[INFO]: microarchitecture: tensor([[  2.,   4.,   0.,  12.,   2., 120.,   5.,   2.,   7.,   1.]]), metric: tensor([[1.5372, 1.1345, 0.8255]])
[INFO]: microarchitecture: tensor([[ 0.,  4.,  0., 16.,  2., 80.,  5.,  6.,  1.,  2.]]), metric: tensor([[1.7964, 1.3911, 0.9728]])
[INFO]: microarchitecture: tensor([[  2.,   4.,   1.,  10.,   2., 110.,   6.,  10.,   6.,   4.]]), metric: tensor([[1.7316, 1.0150, 0.8687]])
[INFO]: microarchitecture: tensor([[ 0.,  4.,  1., 16.,  2., 36.,  3., 11.,  5.,  2.]]), metric: tensor([[2.3318, 1.5959, 1.2371]])
[INFO]: microarchitecture: tensor([[ 1.,  4.,  3., 14.,  2., 30., 12., 11.,  6.,  3.]]), metric: tensor([[1.6869, 3.9068, 0.9575]])
[INFO]: microarchitecture: tensor([[ 2.,  4.,  1.,  6.,  2., 80., 10.,  6.,  0.,  2.]]), metric: tensor([[1.6441, 2.6476, 0.8773]])
[INFO]: microarchitecture: tensor([[  0.,   4.,   5.,  18.,   2., 128.,  12.,   1.,   8.,   0.]]), metric: tensor([[2.3420, 1.6258, 0.9944]])
[INFO]: microarchitecture: tensor([[ 1.,  4.,  3., 16.,  2., 92.,  1.,  9.,  9.,  0.]]), metric: tensor([[2.1579, 2.2907, 0.9624]])
[INFO]: microarchitecture: tensor([[  1.,   4.,   8.,  10.,   2., 118.,   1.,   3.,   0.,   1.]]), metric: tensor([[1.5144, 1.0841, 0.8746]])
[INFO]: microarchitecture: tensor([[ 1.,  4.,  4.,  6.,  2., 32.,  2.,  2.,  1.,  2.]]), metric: tensor([[1.9836, 2.2796, 0.8994]])
[INFO]: microarchitecture: tensor([[  0.,   4.,  10.,   8.,   2., 100.,   8.,   8.,   8.,   4.]]), metric: tensor([[2.0711, 1.3318, 0.9697]])
[INFO]: microarchitecture: tensor([[ 0.,  4., 10., 18.,  2., 96.,  2.,  9.,  0.,  2.]]), metric: tensor([[2.1264, 1.7011, 1.1103]])
[INFO]: microarchitecture: tensor([[ 0.,  4.,  5., 16.,  2., 84.,  7.,  9.,  1.,  3.]]), metric: tensor([[2.2748, 1.8754, 1.0914]])
[INFO]: microarchitecture: tensor([[ 1.,  4., 10.,  6.,  2., 52.,  9.,  9.,  2.,  2.]]), metric: tensor([[2.0906, 2.6460, 0.8605]])
[INFO]: microarchitecture: tensor([[ 0.,  4., 13., 12.,  2., 92.,  5.,  0.,  0.,  0.]]), metric: tensor([[1.5169, 1.2533, 0.7609]])
[INFO]: microarchitecture: tensor([[ 1.,  4., 11., 20.,  2., 52.,  4.,  5.,  3.,  3.]]), metric: tensor([[1.5882, 2.6505, 1.0109]])
[INFO]: microarchitecture: tensor([[ 1.,  4.,  5., 20.,  2., 36.,  0.,  9.,  0.,  0.]]), metric: tensor([[2.0062, 2.5109, 0.8665]])
[INFO]: microarchitecture: tensor([[  1.,   4.,   9.,  10.,   2., 110.,  12.,   3.,   8.,   3.]]), metric: tensor([[1.6812, 2.7533, 0.9319]])
[INFO]: microarchitecture: tensor([[  0.,   4.,   3.,  14.,   2., 120.,   7.,   1.,   8.,   1.]]), metric: tensor([[2.1769, 1.3796, 0.9859]])
[INFO]: microarchitecture: tensor([[  0.,   4.,   8.,  22.,   2., 134.,   2.,   4.,   0.,   1.]]), metric: tensor([[1.5786, 1.3954, 0.9501]])
[INFO]: microarchitecture: tensor([[  1.,   4.,   9.,  22.,   2., 118.,  11.,   1.,   8.,   1.]]), metric: tensor([[1.8877, 1.9173, 0.9944]])
[INFO]: microarchitecture: tensor([[  1.,   4.,  11.,  14.,   2., 130.,   3.,  11.,   7.,   2.]]), metric: tensor([[2.1424, 1.2723, 1.0705]])
[INFO]: microarchitecture: tensor([[  2.,   4.,   3.,  10.,   2., 110.,   2.,   7.,   8.,   4.]]), metric: tensor([[1.7656, 1.0482, 0.9378]])
[INFO]: microarchitecture: tensor([[  2.,   4.,  11.,   8.,   2., 128.,   2.,   9.,   4.,   3.]]), metric: tensor([[1.8169, 1.3285, 1.0138]])
[INFO]: microarchitecture: tensor([[  2.,   4.,   3.,  20.,   2., 130.,   8.,  11.,   1.,   1.]]), metric: tensor([[1.6574, 1.5501, 1.0193]])
[INFO]: microarchitecture: tensor([[ 1.,  4.,  0., 14.,  2., 92.,  4.,  1.,  8.,  4.]]), metric: tensor([[1.8912, 2.2764, 0.8447]])
[INFO]: microarchitecture: tensor([[  1.,   4.,   1.,  14.,   2., 130.,   6.,   4.,   3.,   3.]]), metric: tensor([[2.0578, 1.1760, 0.9493]])
[INFO]: microarchitecture: tensor([[  1.,   4.,   9.,  22.,   2., 120.,  11.,   4.,   0.,   0.]]), metric: tensor([[1.7042, 1.7006, 0.9158]])
