[INFO]: microarchitecture: tensor([[ 1.,  4.,  1., 12.,  2., 32.,  0.,  0.,  5.,  0.]]), metric: tensor([[0.9053, 0.1648, 3.6583]])
[INFO]: microarchitecture: tensor([[ 2.,  4.,  4., 20.,  1., 32.,  4.,  0.,  5.,  0.]]), metric: tensor([[0.7114, 0.1598, 3.5853]])
[INFO]: microarchitecture: tensor([[  2.,   4.,   4.,  20.,   1., 120.,   2.,   4.,   3.,   0.]]), metric: tensor([[0.7158, 0.1510, 3.4633]])
[INFO]: microarchitecture: tensor([[ 0.,  4.,  0., 20.,  1., 64.,  0.,  1.,  3.,  0.]]), metric: tensor([[0.8034, 0.1480, 3.3836]])
[INFO]: microarchitecture: tensor([[ 0.,  4.,  4., 12.,  1., 32.,  3.,  0.,  1.,  0.]]), metric: tensor([[0.8088, 0.1467, 3.2970]])
[INFO]: microarchitecture: tensor([[  2.,   8.,   1.,  12.,   4., 120.,   0.,   5.,   0.,   4.]]), metric: tensor([[0.9352, 0.1377, 2.5585]])
[INFO]: microarchitecture: tensor([[ 0.,  4.,  1., 16.,  2., 32.,  0.,  1.,  1.,  0.]]), metric: tensor([[1.1545, 0.1471, 3.3595]])
[INFO]: microarchitecture: tensor([[ 2.,  4.,  5.,  8.,  1., 32.,  1.,  1.,  2.,  1.]]), metric: tensor([[0.7262, 0.1598, 3.6250]])
[INFO]: microarchitecture: tensor([[ 0.,  4.,  5., 20.,  1., 96.,  0.,  0.,  1.,  3.]]), metric: tensor([[0.8074, 0.1416, 3.2361]])
[INFO]: microarchitecture: tensor([[  1.,   8.,   5.,  20.,   3., 120.,   0.,   0.,   3.,   4.]]), metric: tensor([[1.0438, 0.1432, 3.3153]])
[INFO]: microarchitecture: tensor([[ 2.,  4.,  3., 16.,  1., 32.,  1.,  2.,  5.,  0.]]), metric: tensor([[0.7021, 0.1576, 3.5321]])
[INFO]: microarchitecture: tensor([[  2.,   4.,   0.,  16.,   1., 130.,   3.,   0.,   3.,   2.]]), metric: tensor([[0.7112, 0.1490, 3.5136]])
[INFO]: microarchitecture: tensor([[  2.,   4.,   3.,   8.,   1., 130.,   0.,   3.,   1.,   1.]]), metric: tensor([[0.7058, 0.1573, 3.6444]])
[INFO]: microarchitecture: tensor([[ 2.,  4.,  1., 12.,  1., 32.,  0.,  1.,  5.,  2.]]), metric: tensor([[0.7065, 0.1610, 3.6253]])
[INFO]: microarchitecture: tensor([[ 2.,  8.,  1., 16.,  4., 32.,  2.,  5.,  3.,  0.]]), metric: tensor([[1.2072, 0.1305, 1.5528]])
[INFO]: microarchitecture: tensor([[  1.,   4.,   1.,  20.,   1., 120.,   1.,   1.,   2.,   1.]]), metric: tensor([[0.7593, 0.1551, 3.6333]])
[INFO]: microarchitecture: tensor([[ 1.,  4.,  1.,  8.,  1., 84.,  2.,  5.,  5.,  3.]]), metric: tensor([[0.7628, 0.1520, 3.5399]])
[INFO]: microarchitecture: tensor([[ 2.,  4.,  0.,  8.,  1., 32.,  2.,  5.,  1.,  4.]]), metric: tensor([[0.6993, 0.1619, 3.6561]])
[INFO]: microarchitecture: tensor([[ 2.,  4.,  2., 12.,  1., 32.,  0.,  5.,  3.,  3.]]), metric: tensor([[0.7243, 0.1516, 3.4279]])
[INFO]: microarchitecture: tensor([[ 1.,  4.,  1.,  8.,  1., 64.,  0.,  0.,  0.,  3.]]), metric: tensor([[0.7509, 0.1595, 3.7643]])
